
> nextflow@0.1.0 build
> next build

Γû▓ Next.js 16.2.4 (Turbopack)
- Environments: .env.local, .env

  Creating an optimized production build ...
node.exe : 
At C:\Program Files\nodejs\npm.ps1:29 char:3
+   & $NODE_EXE $NPM_CLI_JS $args
+   ~~~~~~~~~~~~~~~~~~~~~~~~~~~~~
    + CategoryInfo          : NotSpecified: (:String) [], RemoteException
    + FullyQualifiedErrorId : NativeCommandError
 
> Build error occurred
Error: Turbopack build failed with 5 errors:
./components/Sidebar.tsx:56:11
Expected '</', got ':'
  [90m54 |[0m       {[90m/* NODES */[0m}
  [90m55 |[0m       <div className=[32m"flex-1 p-2 space-y-2"[0m>
[31m[1m>[0m [90m56 |[0m     { [36mtype[0m: [32m"textNode"[0m, icon: 
[32m"≡ƒô¥"[0m, label: [32m"Text Node"[0m },
  [90m   |[0m           [31m[1m^[0m
  [90m57 |[0m     { [36mtype[0m: [32m"llmNode"[0m, icon: 
[32m"≡ƒñû"[0m, label: [32m"AI Node"[0m },
  [90m58 |[0m     { [36mtype[0m: [32m"imageNode"[0m, icon: 
[32m"≡ƒû╝∩╕Å"[0m, label: [32m"Upload Image"[0m },
  [90m59 |[0m     { [36mtype[0m: [32m"videoNode"[0m, icon: 
[32m"≡ƒÄÑ"[0m, label: [32m"Upload Video"[0m },

Parsing ecmascript source code failed

Import traces:
  Client Component Browser:
    ./components/Sidebar.tsx [Client Component Browser]
    ./app/(auth)/(main)/dashboard/layout.tsx [Client Component Browser]
    ./app/(auth)/(main)/dashboard/layout.tsx [Server Component]

  Client Component SSR:
    ./components/Sidebar.tsx [Client Component SSR]
    ./app/(auth)/(main)/dashboard/layout.tsx [Client Component SSR]
    ./app/(auth)/(main)/dashboard/layout.tsx [Server Component]


./nodes/ImageNode.tsx:45:21
Unexpected token. Did you mean `{'>'}` or `&gt;`?
  [90m43 |[0m     [36mconst[0m url = [33mURL[0m.createObjectURL(file);
  [90m44 |[0m
[31m[1m>[0m [90m45 |[0m     setNodes((nds) =>
  [90m   |[0m                     [31m[1m^[0m
  [90m46 |[0m       nds.map((n) =>
  [90m47 |[0m         n.id === id
  [90m48 |[0m           ? { ...n, data: { ...n.data, imageUrl: url } }

Parsing ecmascript source code failed

Import traces:
  Client Component Browser:
    ./nodes/ImageNode.tsx [Client Component Browser]
    ./components/FlowCanvas.tsx [Client Component Browser]
    ./app/(auth)/(main)/dashboard/page.tsx [Client Component Browser]
    ./app/(auth)/(main)/dashboard/page.tsx [Server Component]

  Client Component SSR:
    ./nodes/ImageNode.tsx [Client Component SSR]
    ./components/FlowCanvas.tsx [Client Component SSR]
    ./app/(auth)/(main)/dashboard/page.tsx [Client Component SSR]
    ./app/(auth)/(main)/dashboard/page.tsx [Server Component]


./nodes/ImageNode.tsx:46:20
Unexpected token. Did you mean `{'>'}` or `&gt;`?
  [90m44 |[0m
  [90m45 |[0m     setNodes((nds) =>
[31m[1m>[0m [90m46 |[0m       nds.map((n) =>
  [90m   |[0m                    [31m[1m^[0m
  [90m47 |[0m         n.id === id
  [90m48 |[0m           ? { ...n, data: { ...n.data, imageUrl: url } }
  [90m49 |[0m           : n

Parsing ecmascript source code failed

Import traces:
  Client Component Browser:
    ./nodes/ImageNode.tsx [Client Component Browser]
    ./components/FlowCanvas.tsx [Client Component Browser]
    ./app/(auth)/(main)/dashboard/page.tsx [Client Component Browser]
    ./app/(auth)/(main)/dashboard/page.tsx [Server Component]

  Client Component SSR:
    ./nodes/ImageNode.tsx [Client Component SSR]
    ./components/FlowCanvas.tsx [Client Component SSR]
    ./app/(auth)/(main)/dashboard/page.tsx [Client Component SSR]
    ./app/(auth)/(main)/dashboard/page.tsx [Server Component]


./proxy.ts:25:10
the name `clerkMiddleware` is defined multiple times
  [90m23 |[0m   }
  [90m24 |[0m });
[31m[1m>[0m [90m25 |[0m [36mimport[0m { clerkMiddleware } [36mfrom[0m 
[32m"@clerk/nextjs/server"[0m;
  [90m   |[0m          [31m[1m^^^^^^^^^^^^^^^[0m
  [90m26 |[0m
  [90m27 |[0m [36mexport[0m [36mdefault[0m clerkMiddleware();
  [90m28 |[0m

Ecmascript file had an error


./proxy.ts:27:1
the name `default` is exported multiple times
  [90m25 |[0m [36mimport[0m { clerkMiddleware } [36mfrom[0m 
[32m"@clerk/nextjs/server"[0m;
  [90m26 |[0m
[31m[1m>[0m [90m27 |[0m [36mexport[0m [36mdefault[0m 
clerkMiddleware();
  [90m   |[0m [31m[1m^^^^^^^^^^^^^^^^^^^^^^^^^^^^^^^^^[0m
  [90m28 |[0m
  [90m29 |[0m [36mexport[0m [36mconst[0m config = {
  [90m30 |[0m   matcher: [[32m"/((?!_next|.*\\..*).*)"[0m],

Ecmascript file had an error


    at <unknown> (./components/Sidebar.tsx:56:11)
    at <unknown> (./nodes/ImageNode.tsx:45:21)
    at <unknown> (./nodes/ImageNode.tsx:46:20)
    at <unknown> (./proxy.ts:25:10)
    at <unknown> (./proxy.ts:27:1)
